// Jest Snapshot v1, https://goo.gl/fbAQLP

exports[`Box component should render as expected 1`] = `
<div
  className="box undefined"
>
  <h2
    id="box-title"
  />
  <hr />
  <div
    className="box-container"
  />
  <div
    id="btn"
  />
</div>
`;
