// Jest Snapshot v1, https://goo.gl/fbAQLP

exports[`Todo component should render as expected 1`] = `
<div
  className="box-item"
>
  Something
  <p />
  <button
    className="button-add-new-todo"
    onClick={[Function]}
  >
    Task done
  </button>
</div>
`;
